// Jest Snapshot v1, https://goo.gl/fbAQLP

exports[`ParallaxScrollView matches snapshot 1`] = `
<View
  style={
    {
      "flex": 1,
    }
  }
>
  <RCTScrollView
    collapsable={false}
    contentContainerStyle={
      {
        "paddingTop": 170,
      }
    }
    onScroll={[Function]}
    scrollEventThrottle={16}
    style={
      {
        "flex": 1,
      }
    }
  >
    <View>
      <Text>
        Item 1
      </Text>
      <Text>
        Item 2
      </Text>
    </View>
  </RCTScrollView>
  <View
    accessibilityLabel="Parallax Header Container"
    accessible={true}
    collapsable={false}
    style={
      {
        "alignItems": "center",
        "backgroundColor": "black",
        "height": 170,
        "justifyContent": "center",
        "left": 0,
        "position": "absolute",
        "right": 0,
        "top": 0,
        "zIndex": 1000,
      }
    }
    testID="parallax-header"
  >
    <RCTSafeAreaView>
      <View
        accessibilityLabel="Main Header"
        accessible={true}
        collapsable={false}
        style={
          {
            "alignItems": "center",
            "justifyContent": "center",
            "opacity": 1,
          }
        }
        testID="main-header"
      >
        <Text
          accessibilityLabel="Main header title: Test main header"
          accessibilityRole="header"
          style={
            {
              "color": "white",
              "fontSize": 16,
              "textAlign": "center",
            }
          }
          testID="header-title"
        >
          Test main header
        </Text>
      </View>
      <View
        accessibilityLabel="Navigation Header"
        accessible={true}
        collapsable={false}
        style={
          {
            "alignItems": "center",
            "justifyContent": "center",
            "opacity": 0,
          }
        }
        testID="nav-header"
      >
        <Text
          accessibilityLabel="Nav header title: Test nav header"
          accessibilityRole="header"
          style={
            {
              "color": "white",
              "fontSize": 16,
              "textAlign": "center",
            }
          }
          testID="nav-header-title"
        >
          Test nav header
        </Text>
      </View>
    </RCTSafeAreaView>
  </View>
</View>
`;
